   Γû▓ Next.js 15.2.4
   - Environments: .env.local

